INFO:     127.0.0.1:58882 - "GET /tts?text_content=Mom%27s+cooking+is+always+so+delicious%2C+full+of+warmth+and+love+from+home. HTTP/1.1" 200 OK
[TTS] Pre-processing time: 0.74ms
[TTS] Starting inference at: 15:12:54
[TTS] Text normalization time: 0.02ms
[TTS] Frontend processing time: 599.80ms
WARNING 06-25 15:12:54 [preprocess.py:63] Using None for EOS token id because tokenizer is not initialized
INFO 06-25 15:12:54 [metrics.py:486] Avg prompt throughput: 3.3 tokens/s, Avg generation throughput: 3.8 tokens/s, Running: 1 reqs, Swapped: 0 reqs, Pending: 0 reqs, GPU KV cache usage: 0.1%, CPU KV cache usage: 0.0%.
[TTS] First chunk generated time: 444.83ms
[TTS] Chunk 1 processed in 2.12ms, total time: 1047.77ms
[TTS] Chunk 1 saved as generated_wavs/chunk_1.wav
[TTS] Chunk 2 processed in 1.31ms, total time: 1278.92ms
[TTS] Chunk 2 saved as generated_wavs/chunk_2.wav
[TTS] Chunk 3 processed in 1.27ms, total time: 1473.33ms
[TTS] Chunk 3 saved as generated_wavs/chunk_3.wav
[TTS] Chunk 4 processed in 1.28ms, total time: 1669.06ms
[TTS] Chunk 4 saved as generated_wavs/chunk_4.wav
[TTS] Chunk 5 processed in 1.24ms, total time: 1863.88ms
[TTS] Chunk 5 saved as generated_wavs/chunk_5.wav
[TTS] Chunk 6 processed in 0.67ms, total time: 1953.19ms
[TTS] Chunk 6 saved as generated_wavs/chunk_6.wav
[TTS] Inference completed in: 1954.33ms
[TTS] Total chunks generated: 6
[TTS] Total request time: 1955.11ms
[TTS] Response completed at: 15:12:56