INFO:     127.0.0.1:47408 - "GET /tts?text_content=After+spending+the+entire+weekend+exploring+various+hidden+gems+around+the+city%2C+trying+out+new+cafes+and+vintage+shops%2C+I%27m+feeling+incredibly+refreshed+and+already+planning+my+next+spontaneous+adventure+for+sure. HTTP/1.1" 200 OK
[TTS] Pre-processing time: 0.75ms
[TTS] Starting inference at: 15:22:23
[TTS] Text normalization time: 0.02ms
[TTS] Frontend processing time: 9.22ms
WARNING 06-25 15:22:23 [preprocess.py:63] Using None for EOS token id because tokenizer is not initialized
INFO 06-25 15:22:23 [metrics.py:486] Avg prompt throughput: 3.4 tokens/s, Avg generation throughput: 1.6 tokens/s, Running: 1 reqs, Swapped: 0 reqs, Pending: 0 reqs, GPU KV cache usage: 0.1%, CPU KV cache usage: 0.0%.
[TTS] First chunk generated time: 401.00ms
[TTS] Chunk 1 processed in 2.24ms, total time: 413.36ms
[TTS] Chunk 1 saved as generated_wavs/chunk_1.wav
[TTS] Chunk 2 processed in 1.31ms, total time: 632.81ms
[TTS] Chunk 2 saved as generated_wavs/chunk_2.wav
[TTS] Chunk 3 processed in 1.31ms, total time: 870.01ms
[TTS] Chunk 3 saved as generated_wavs/chunk_3.wav
[TTS] Chunk 4 processed in 1.32ms, total time: 1118.47ms
[TTS] Chunk 4 saved as generated_wavs/chunk_4.wav
[TTS] Chunk 5 processed in 1.28ms, total time: 1331.63ms
[TTS] Chunk 5 saved as generated_wavs/chunk_5.wav
[TTS] Chunk 6 processed in 1.26ms, total time: 1528.68ms
[TTS] Chunk 6 saved as generated_wavs/chunk_6.wav
[TTS] Chunk 7 processed in 1.24ms, total time: 1728.28ms
[TTS] Chunk 7 saved as generated_wavs/chunk_7.wav
[TTS] Chunk 8 processed in 1.26ms, total time: 1932.28ms
[TTS] Chunk 8 saved as generated_wavs/chunk_8.wav
[TTS] Chunk 9 processed in 1.26ms, total time: 2139.17ms
[TTS] Chunk 9 saved as generated_wavs/chunk_9.wav
[TTS] Chunk 10 processed in 1.35ms, total time: 2353.14ms
[TTS] Chunk 10 saved as generated_wavs/chunk_10.wav
[TTS] Chunk 11 processed in 0.91ms, total time: 2489.33ms
[TTS] Chunk 11 saved as generated_wavs/chunk_11.wav
[TTS] Inference completed in: 2498.17ms
[TTS] Total chunks generated: 11
[TTS] Total request time: 2498.95ms
[TTS] Response completed at: 15:22:25