INFO:     8.219.67.222:55506 - "POST /tts HTTP/1.1" 200 OK
[TTS] Pre-processing time: 0.95ms
[TTS] Starting inference at: 11:03:11
[TTS] Text normalization time: 0.02ms, got 1 chunks
[TTS] Processing text chunk 1/1: I feel that man's pain on a personal level....
  0%|                            | 0/1 [00:00<?, ?it/s]2025-06-26 11:03:12,022 WARNING synthesis text I feel that man's pain on a personal level. too short than prompt text Did you guys see the video of that dude who was at the gym who took his earbuds and just smacked them against the wall because they would not stay in his ear during his set?, this may lead to bad performance
2025-06-26 11:03:12,030 INFO synthesis text I feel that man's pain on a personal level.
WARNING 06-26 11:03:12 [preprocess.py:63] Using None for EOS token id because tokenizer is not initialized
INFO 06-26 11:03:12 [metrics.py:486] Avg prompt throughput: 2.4 tokens/s, Avg generation throughput: 3.1 tokens/s, Running: 1 reqs, Swapped: 0 reqs, Pending: 0 reqs, GPU KV cache usage: 0.1%, CPU KV cache usage: 0.0%.
2025-06-26 11:03:12,465 INFO yield speech len 1.8, rtf 0.24173789554172093
[TTS] First chunk generated time: 495.80ms
[TTS] First chunk generated since request arrival: 496.78ms
[TTS] Chunk 1 (text chunk 1) processed in 12.74ms, total time: 509.51ms
2025-06-26 11:03:12,655 INFO yield speech len 1.0, rtf 0.17672443389892578
[TTS] Chunk 2 (text chunk 1) processed in 6.77ms, total time: 693.54ms
2025-06-26 11:03:12,841 INFO yield speech len 1.0, rtf 0.1783137321472168
[TTS] Chunk 3 (text chunk 1) processed in 6.73ms, total time: 878.99ms
2025-06-26 11:03:12,957 INFO yield speech len 0.36, rtf 0.30201408598158097
[TTS] Chunk 4 (text chunk 1) processed in 3.52ms, total time: 991.62ms
100%|████████████████████| 1/1 [00:00<00:00,  1.06it/s]
