2025-07-01 20:49:47,155 INFO synthesis text 山间的小溪清澈见底，鱼儿在水中自由游弋。
WARNING 07-01 20:49:47 [preprocess.py:63] Using None for EOS token id because tokenizer is not initialized
INFO 07-01 20:49:47 [metrics.py:486] Avg prompt throughput: 14.6 tokens/s, Avg generation throughput: 12.8 tokens/s, Running: 1 reqs, Swapped: 0 reqs, Pending: 0 reqs, GPU KV cache usage: 0.0%, CPU KV cache usage: 0.0%.
2025-07-01 20:49:47,460 INFO yield speech len 1.2, rtf 0.25444666544596356
[WS-TTS] ⚡ First chunk generated time: 336.90ms
[WS-TTS] ⚡ First chunk since request arrival: 337.21ms
[WS-TTS] ⚡ Zero-shot inference time: 336.81ms
[WS-TTS] 🔄 Resampled chunk 1: 1.98ms (24000 → 8000 Hz)
[WS-TTS] Detecting non-silent segments in first chunk...
[WS-TTS] Parameters: min_silence_len=200ms, silence_thresh=-50dBFS
[WS-TTS] Found 2 voice segments in first chunk
[WS-TTS] First voice segment: 0ms to 6ms (with padding: 0ms to 106ms)
[WS-TTS] Original duration: 1.20s, Trimmed duration: 0.11s
[WS-TTS] First chunk silence removal: 19200 → 1696 bytes
[WS-TTS] 🎯 First chunk silence removal time: 7.94ms
[WS-TTS] 🎯 First chunk: sending only silence-removed PCM data to clients
[WS-TTS] 🎵 Audio to PCM conversion time: 10.12ms, PCM buffer size: 1696 bytes
[WS-TTS] 📊 Audio chunk 1 (text chunk 1) processed in 10.21ms, total time: 347.42ms
2025-07-01 20:49:47,657 INFO yield speech len 1.0, rtf 0.1869962215423584
[WS-TTS] 🔄 Resampled chunk 2: 0.65ms (24000 → 8000 Hz)
[WS-TTS] 🎵 Audio to PCM conversion time: 0.75ms, PCM buffer size: 17696 bytes
[WS-TTS] 📦 PCM chunk 0 sent: 16000 bytes, send time: 0.14ms
[WS-TTS] Saved chunk_0.pcm (16000 bytes)
[WS-TTS] 🎯 Time to send first PCM chunk: 535.74 ms since start, 535.49 ms since before inference
[WS-TTS] 📊 Audio chunk 2 (text chunk 1) processed in 1.35ms, total time: 535.88ms
2025-07-01 20:49:47,838 INFO yield speech len 1.0, rtf 0.179642915725708
[WS-TTS] 🔄 Resampled chunk 3: 0.63ms (24000 → 8000 Hz)
[WS-TTS] 🎵 Audio to PCM conversion time: 0.72ms, PCM buffer size: 17696 bytes
[WS-TTS] 📦 PCM chunk 1 sent: 16000 bytes, send time: 0.08ms
[WS-TTS] Saved chunk_1.pcm (16000 bytes)
[WS-TTS] 📊 Audio chunk 3 (text chunk 1) processed in 1.20ms, total time: 716.84ms
2025-07-01 20:49:47,911 INFO yield speech len 0.8, rtf 0.08865386247634888
[rank0]:[W701 20:49:47.596506260 NNPACK.cpp:57] Could not initialize NNPACK! Reason: Unsupported hardware.
[WS-TTS] 🔄 Resampled chunk 4: 0.78ms (24000 → 8000 Hz)
[WS-TTS] 🎵 Audio to PCM conversion time: 0.87ms, PCM buffer size: 14496 bytes
[WS-TTS] 📊 Audio chunk 4 (text chunk 1) processed in 0.89ms, total time: 788.77ms
100%|█████████████████████████████████████████████████████████████████████████████████████████████████████████████| 1/1 [00:00<00:00,  1.32it/s]
[WS-TTS] 🔄 Processing remaining PCM data: 14496 bytes
[WS-TTS] 📦 Final PCM chunk 2 sent: 14496 bytes, process time: 0.09ms
[WS-TTS] Saved final chunk_2.pcm (14496 bytes)
[WS-TTS] ✅ Time after inference: 789.67 ms since start, 789.41 ms since before inference
[WS-TTS] 🏁 Audio generated in 0.79 seconds
[WS-TTS] 📋 REQUEST SUMMARY:
[WS-TTS] 📋   Audio Format: pcm
[WS-TTS] 📋   Sample Rate: 8000 Hz
[WS-TTS] 📋   Speaker ID: 4
[WS-TTS] 📋   Total Generation Time: 0.79s
[WS-TTS] 📋   First Chunk Inference Time: 336.90ms
[WS-TTS] 📋   First Chunk Since Request: 337.21ms
[WS-TTS] 📋   First Chunk Sent Since Request: 535.74ms
[WS-TTS] 📊 Total PCM chunks sent: 3
[WS-TTS] Saved 3 PCM chunk files to /root/CosyVoice/cosy_mp3_chunks
[WS-TTS] WebSocket connection disconnected