2025-07-01 22:27:36,558 INFO yield speech len 1.0, rtf 0.2289905548095703
[WS-TTS] 🔄 Resampled chunk 76: 0.69ms (24000 → 8000 Hz)
[WS-TTS] 🎵 Audio to PCM conversion time: 0.79ms, PCM buffer size: 26880 bytes
 33%|████████████████████████████████████▎                                                                        | 3/9 [00:46<01:33, 15.51s/it]
Inference error: 
Error type: <class 'starlette.websockets.WebSocketDisconnect'>
Traceback: Traceback (most recent call last):
  File "/root/cosyvoice_vllm/lib/python3.10/site-packages/websockets/legacy/protocol.py", line 963, in transfer_data
    message = await self.read_message()
  File "/root/cosyvoice_vllm/lib/python3.10/site-packages/websockets/legacy/protocol.py", line 1033, in read_message
    frame = await self.read_data_frame(max_size=self.max_size)
  File "/root/cosyvoice_vllm/lib/python3.10/site-packages/websockets/legacy/protocol.py", line 1108, in read_data_frame
    frame = await self.read_frame(max_size)
  File "/root/cosyvoice_vllm/lib/python3.10/site-packages/websockets/legacy/protocol.py", line 1165, in read_frame
    frame = await Frame.read(
  File "/root/cosyvoice_vllm/lib/python3.10/site-packages/websockets/legacy/framing.py", line 68, in read
    data = await reader(2)
  File "/usr/lib/python3.10/asyncio/streams.py", line 708, in readexactly
    await self._wait_for_data('readexactly')
  File "/usr/lib/python3.10/asyncio/streams.py", line 501, in _wait_for_data
    await self._waiter
asyncio.exceptions.CancelledError

The above exception was the direct cause of the following exception:

Traceback (most recent call last):
  File "/root/cosyvoice_vllm/lib/python3.10/site-packages/uvicorn/protocols/websockets/websockets_impl.py", line 332, in asgi_send
    await self.send(data)  # type: ignore[arg-type]
  File "/root/cosyvoice_vllm/lib/python3.10/site-packages/websockets/legacy/protocol.py", line 635, in send
    await self.ensure_open()
  File "/root/cosyvoice_vllm/lib/python3.10/site-packages/websockets/legacy/protocol.py", line 948, in ensure_open
    raise self.connection_closed_exc()
websockets.exceptions.ConnectionClosedError: sent 1011 (internal error) keepalive ping timeout; no close frame received

The above exception was the direct cause of the following exception:

Traceback (most recent call last):
  File "/root/cosyvoice_vllm/lib/python3.10/site-packages/starlette/websockets.py", line 85, in send
    await self._send(message)
  File "/root/cosyvoice_vllm/lib/python3.10/site-packages/starlette/_exception_handler.py", line 39, in sender
    await send(message)
  File "/root/cosyvoice_vllm/lib/python3.10/site-packages/uvicorn/protocols/websockets/websockets_impl.py", line 345, in asgi_send
    raise ClientDisconnected from exc
uvicorn.protocols.utils.ClientDisconnected

During handling of the above exception, another exception occurred:

Traceback (most recent call last):
  File "/root/CosyVoice/cosy-api.py", line 604, in websocket_tts
    await websocket.send_bytes(pcm_chunk)
  File "/root/cosyvoice_vllm/lib/python3.10/site-packages/starlette/websockets.py", line 168, in send_bytes
    await self.send({"type": "websocket.send", "bytes": data})
  File "/root/cosyvoice_vllm/lib/python3.10/site-packages/starlette/websockets.py", line 88, in send
    raise WebSocketDisconnect(code=1006)
starlette.websockets.WebSocketDisconnect

[WS-TTS] WebSocket error: Cannot call "send" once a close message has been sent.
INFO:     connection closed