Time before inference: 0.19 ms since start
[WS-TTS] 📊 Pre-processing time: 0.20ms
[WS-TTS] 🚀 Starting inference at: 10:28:15
[WS-TTS] 📝 Text normalization time: 0.04ms, got 1 chunks
[WS-TTS] 🔄 Processing text chunk 1/1: 古老的城墙见证了历史的变迁和时代的更替。...
  0%|                                                                                                                     | 0/1 [00:00<?, ?it/s]2025-07-02 10:28:15,351 WARNING synthesis text 古老的城墙见证了历史的变迁和时代的更替。 too short than prompt text Did you guys see the video of that dude who was at the gym who took his earbuds and just smacked them against the wall because they would not stay in his ear during his set?, this may lead to bad performance
2025-07-02 10:28:15,352 INFO synthesis text 古老的城墙见证了历史的变迁和时代的更替。
WARNING 07-02 10:28:15 [preprocess.py:63] Using None for EOS token id because tokenizer is not initialized
INFO 07-02 10:28:15 [metrics.py:486] Avg prompt throughput: 17.1 tokens/s, Avg generation throughput: 10.0 tokens/s, Running: 1 reqs, Swapped: 0 reqs, Pending: 0 reqs, GPU KV cache usage: 0.0%, CPU KV cache usage: 0.0%.
2025-07-02 10:28:15,756 INFO yield speech len 1.8, rtf 0.22492965062459308
[WS-TTS] ⚡ First chunk generated time: 460.50ms
[WS-TTS] ⚡ First chunk since request arrival: 460.70ms
[WS-TTS] ⚡ Zero-shot inference time: 460.41ms
[WS-TTS] 🔄 Resampled chunk 1: 1.76ms (24000 → 8000 Hz)
[WS-TTS] Detecting non-silent segments in first chunk...
[WS-TTS] Parameters: min_silence_len=200ms, silence_thresh=-50dBFS
[WS-TTS] Found 1 voice segments in first chunk
[WS-TTS] First voice segment: 610ms to 1800ms (with padding: 510ms to 1800ms)
[WS-TTS] Original duration: 1.80s, Trimmed duration: 1.29s
[WS-TTS] First chunk silence removal: 28800 → 20640 bytes
[WS-TTS] 🎯 First chunk silence removal time: 10.77ms
[WS-TTS] 🎯 First chunk: sending only silence-removed PCM data to clients
[WS-TTS] 🚀 IMMEDIATE first PCM chunk sent: 20640 bytes, send time: 0.07ms
[WS-TTS] 🎯 Time to send first PCM chunk: 473.50 ms since start, 473.31 ms since before inference
[WS-TTS] Saved chunk_0.pcm (20640 bytes)
[WS-TTS] 🎵 Audio to PCM conversion time: 13.03ms, PCM buffer size: 0 bytes
[WS-TTS] 📊 Audio chunk 1 (text chunk 1) processed in 13.12ms, total time: 473.82ms
2025-07-02 10:28:15,957 INFO yield speech len 1.0, rtf 0.18686199188232422
[WS-TTS] 🔄 Resampled chunk 2: 0.64ms (24000 → 8000 Hz)
[WS-TTS] 🎵 Audio to PCM conversion time: 0.73ms, PCM buffer size: 16000 bytes
[WS-TTS] 📦 PCM chunk 1 sent: 16000 bytes, send time: 0.07ms
[WS-TTS] Saved chunk_1.pcm (16000 bytes)
[WS-TTS] 📊 Audio chunk 2 (text chunk 1) processed in 1.09ms, total time: 661.88ms
2025-07-02 10:28:16,137 INFO yield speech len 1.0, rtf 0.1792159080505371
[WS-TTS] 🔄 Resampled chunk 3: 0.62ms (24000 → 8000 Hz)
[WS-TTS] 🎵 Audio to PCM conversion time: 0.69ms, PCM buffer size: 16000 bytes
[WS-TTS] 📦 PCM chunk 2 sent: 16000 bytes, send time: 0.05ms
[WS-TTS] Saved chunk_2.pcm (16000 bytes)
[WS-TTS] 📊 Audio chunk 3 (text chunk 1) processed in 0.99ms, total time: 842.19ms
2025-07-02 10:28:16,228 INFO yield speech len 1.0, rtf 0.08970904350280762
[WS-TTS] 🔄 Resampled chunk 4: 0.62ms (24000 → 8000 Hz)
[WS-TTS] 🎵 Audio to PCM conversion time: 0.70ms, PCM buffer size: 16000 bytes
[WS-TTS] 📦 PCM chunk 3 sent: 16000 bytes, send time: 0.06ms
[WS-TTS] Saved chunk_3.pcm (16000 bytes)
[WS-TTS] 📊 Audio chunk 4 (text chunk 1) processed in 1.05ms, total time: 933.06ms
100%|█████████████████████████████████████████████████████████████████████████████████████████████████████████████| 1/1 [00:00<00:00,  1.14it/s]
[WS-TTS] ✅ Time after inference: 934.62 ms since start, 934.43 ms since before inference
[WS-TTS] 🏁 Audio generated in 0.93 seconds
[WS-TTS] 📋 REQUEST SUMMARY:
[WS-TTS] 📋   Audio Format: pcm
[WS-TTS] 📋   Sample Rate: 8000 Hz
[WS-TTS] 📋   Speaker ID: 1
[WS-TTS] 📋   Total Generation Time: 0.93s
[WS-TTS] 📋   First Chunk Inference Time: 460.50ms
[WS-TTS] 📋   First Chunk Since Request: 460.70ms
[WS-TTS] 📋   First Chunk Sent Since Request: 473.50ms
[WS-TTS] 📊 Total PCM chunks sent: 4
[WS-TTS] Saved 4 PCM chunk files to /root/CosyVoice/cosy_mp3_chunks