[WS-TTS] 🔄 Resampled chunk 3: 0.58ms (24000 → 8000 Hz)
[WS-TTS] 🎵 Audio to PCM conversion time: 0.66ms, PCM buffer size: 16000 bytes
[WS-TTS] 📦 PCM chunk 2 sent: 16000 bytes, send time: 0.07ms
[WS-TTS] Saved chunk_2.pcm (16000 bytes)
[WS-TTS] 📊 Audio chunk 3 (text chunk 1) processed in 1.03ms, total time: 970.89ms
2025-07-02 10:42:20,781 INFO yield speech len 1.0, rtf 0.20443964004516602
[WS-TTS] 🔄 Resampled chunk 4: 0.60ms (24000 → 8000 Hz)
[WS-TTS] 🎵 Audio to PCM conversion time: 0.69ms, PCM buffer size: 16000 bytes
[WS-TTS] 📦 PCM chunk 3 sent: 16000 bytes, send time: 0.08ms
[WS-TTS] Saved chunk_3.pcm (16000 bytes)
[WS-TTS] 📊 Audio chunk 4 (text chunk 1) processed in 1.10ms, total time: 1176.57ms
2025-07-02 10:42:20,987 INFO yield speech len 1.0, rtf 0.20514822006225586
[WS-TTS] 🔄 Resampled chunk 5: 0.57ms (24000 → 8000 Hz)
[WS-TTS] 🎵 Audio to PCM conversion time: 0.66ms, PCM buffer size: 16000 bytes
[WS-TTS] 📦 PCM chunk 4 sent: 16000 bytes, send time: 0.07ms
[WS-TTS] Saved chunk_4.pcm (16000 bytes)
[WS-TTS] 📊 Audio chunk 5 (text chunk 1) processed in 1.06ms, total time: 1382.90ms
2025-07-02 10:42:21,197 INFO yield speech len 1.0, rtf 0.2083895206451416
[WS-TTS] 🔄 Resampled chunk 6: 0.62ms (24000 → 8000 Hz)
[WS-TTS] 🎵 Audio to PCM conversion time: 0.70ms, PCM buffer size: 16000 bytes
[WS-TTS] 📦 PCM chunk 5 sent: 16000 bytes, send time: 0.09ms
[WS-TTS] Saved chunk_5.pcm (16000 bytes)
[WS-TTS] 📊 Audio chunk 6 (text chunk 1) processed in 1.17ms, total time: 1592.59ms
2025-07-02 10:42:21,321 INFO yield speech len 0.84, rtf 0.14601122765314012
[rank0]:[W702 10:42:21.006456805 NNPACK.cpp:57] Could not initialize NNPACK! Reason: Unsupported hardware.
[WS-TTS] 🔄 Resampled chunk 7: 0.80ms (24000 → 8000 Hz)
[WS-TTS] 🎵 Audio to PCM conversion time: 0.91ms, PCM buffer size: 13440 bytes
[WS-TTS] 📊 Audio chunk 7 (text chunk 1) processed in 0.93ms, total time: 1716.30ms
100%|█████████████████████████████████████████████████████████████████████████████████████████████████████████████| 1/1 [00:01<00:00,  1.65s/it]
[WS-TTS] 🔄 Processing remaining PCM data: 13440 bytes
[WS-TTS] 📦 Final PCM chunk 6 sent: 13440 bytes, process time: 0.07ms
[WS-TTS] Saved final chunk_6.pcm (13440 bytes)
[WS-TTS] ✅ Time after inference: 1719.97 ms since start, 1719.52 ms since before inference
[WS-TTS] 🏁 Audio generated in 1.72 seconds
[WS-TTS] 📋 REQUEST SUMMARY:
[WS-TTS] 📋   Audio Format: pcm
[WS-TTS] 📋   Sample Rate: 8000 Hz
[WS-TTS] 📋   Speaker ID: 1
[WS-TTS] 📋   Total Generation Time: 1.72s
[WS-TTS] 📋   First Chunk Inference Time: 507.38ms
[WS-TTS] 📋   First Chunk Since Request: 507.85ms
[WS-TTS] 📋   First Chunk Sent Since Request: 521.35ms
[WS-TTS] 📊 Total PCM chunks sent: 7