INFO:     127.0.0.1:38574 - "GET /tts?text_content=The+weather+is+beautiful+today%2C+with+bright+sunshine+perfect+for+a+walk. HTTP/1.1" 200 OK
[TTS] Pre-processing time: 0.84ms
[TTS] Starting inference at: 14:58:44
  0%|                                                                                               | 0/1 [00:00<?, ?it/s]2025-06-25 14:58:44,333 WARNING synthesis text The weather is beautiful today, with bright sunshine perfect for a walk. too short than prompt text Did you guys see the video of that dude who was at the gym who took his earbuds and just smacked them against the wall because they would not stay in his ear during his set?, this may lead to bad performance
2025-06-25 14:58:44,890 INFO synthesis text The weather is beautiful today, with bright sunshine perfect for a walk.
WARNING 06-25 14:58:44 [preprocess.py:63] Using None for EOS token id because tokenizer is not initialized
INFO 06-25 14:58:44 [metrics.py:486] Avg prompt throughput: 34.6 tokens/s, Avg generation throughput: 17.0 tokens/s, Running: 1 reqs, Swapped: 0 reqs, Pending: 0 reqs, GPU KV cache usage: 0.1%, CPU KV cache usage: 0.0%.
2025-06-25 14:58:45,295 INFO yield speech len 1.8, rtf 0.22502117686801487
[TTS] First chunk generated time: 1023.42ms
[TTS] Chunk 1 processed in 2.13ms, total time: 1026.43ms
[TTS] Chunk 1 saved as generated_wavs/chunk_1.wav
2025-06-25 14:58:45,490 INFO yield speech len 1.0, rtf 0.1927952766418457
[TTS] Chunk 2 processed in 1.35ms, total time: 1221.10ms
[TTS] Chunk 2 saved as generated_wavs/chunk_2.wav
2025-06-25 14:58:45,671 INFO yield speech len 1.0, rtf 0.17928385734558105
[TTS] Chunk 3 processed in 1.26ms, total time: 1402.17ms
[TTS] Chunk 3 saved as generated_wavs/chunk_3.wav
2025-06-25 14:58:45,857 INFO yield speech len 1.0, rtf 0.18405699729919434
[TTS] Chunk 4 processed in 1.27ms, total time: 1587.94ms
[TTS] Chunk 4 saved as generated_wavs/chunk_4.wav
2025-06-25 14:58:45,970 INFO yield speech len 0.4, rtf 0.2782708406448364
[TTS] Chunk 5 processed in 0.82ms, total time: 1700.52ms
[TTS] Chunk 5 saved as generated_wavs/chunk_5.wav
100%|███████████████████████████████████████████████████████████████████████████████████████| 1/1 [00:01<00:00,  1.64s/it]
[TTS] Inference completed in: 1701.44ms
[TTS] Total chunks generated: 5
[TTS] Total request time: 1702.31ms
[TTS] Response completed at: 14:58:45